Values can be output: begin 1 2 3
Using Coffee Script version 1.7.1
