Include interpreted
Hier ist ein Schmetterling.
Include raw
#begin coffee
val = 'Schmetterling'
#end
Hier ist ein {val}.
