filename: include-filename
filename: filename
TODO: add __dirname when contexts are fixed
