Getting if-else
before
branch 1
after
And that was it
