Language: js
jsVar:    10
Language: coffee
coffeeVar: Foo
is the thing bar

all the time
Potatoes
expand {,}
