4 5 6      Hello 1 2 3
4 5 6
4 5 6      A
4 5 6      B
4 5 6      C
