This is foo {
  "hats": "Hello",
  "lines": [
    "1",
    "2",
    "3"
  ],
  "fooLines": [
    "foo1",
    "foo2",
    "foo3"
  ],
  "quotes": "  The leading and trailing space is preserved  ",
  "date": "2012-12-12T00:00:00.000Z"
}.
